.\.git\COMMIT_EDITMSG .\.git\config .\.git\description .\.git\FETCH_HEAD .\.git\HEAD .\.git\hooks\applypatch-msg.sample .\.git\hooks\commit-msg.sample .\.git\hooks\fsmonitor-watchman.sample .\.git\hooks\post-update.sample .\.git\hooks\pre-applypatch.sample .\.git\hooks\pre-commit.sample .\.git\hooks\pre-merge-commit.sample .\.git\hooks\pre-push.sample .\.git\hooks\pre-rebase.sample .\.git\hooks\pre-receive.sample .\.git\hooks\prepare-commit-msg.sample .\.git\hooks\push-to-checkout.sample .\.git\hooks\sendemail-validate.sample .\.git\hooks\update.sample .\.git\index .\.git\info\exclude .\.git\logs\HEAD .\.git\logs\refs\heads\fix-wildcard .\.git\logs\refs\heads\main .\.git\logs\refs\remotes\origin\HEAD .\.git\logs\refs\remotes\origin\main .\.git\logs\refs\remotes\upstream\HEAD .\.git\logs\refs\remotes\upstream\main .\.git\logs\refs\remotes\upstream\release\0.1.0 .\.git\objects\04\0b43bc812a69928c13bb900aba6ff0f9dc9016 .\.git\objects\04\6018f6c62e9a430e2cbe9a2e90c9bfd05f68c3 .\.git\objects\04\c337d7992a3ee71ac5c32a91b7e013ab498299 .\.git\objects\05\2eee3375e43da6014469cea4f9d8c314df62ba .\.git\objects\05\da47bcb8fc7cc22391ef036091e0727bb535c4 .\.git\objects\05\dfbd78c8f3982b8f35f519b1ea98a71e217b95 .\.git\objects\07\283388fc92c06b38d1b1a1f66f5e16d44608e0 .\.git\objects\0a\790f863436bc099cc0326f40ce39932fd75199 .\.git\objects\0a\8afab4e4704d494a6aeeaaf79f671f84a226f5 .\.git\objects\0b\7dc8e29e544dabbb29c4ed7bb68f28aa4749c7 .\.git\objects\0d\963d022913ffa8558a581ab3f303904440e83a .\.git\objects\0e\14420846be6e369bfeeff5deac0ce66118b2b2 .\.git\objects\0f\c11af5be90c3d523c648ee97bb1056fd68b314 .\.git\objects\11\88fe626cc43f30a4f9ef6b7549fd0fa6de7bbb .\.git\objects\11\ec3b782eb3629e50ac293e4c981bd925f3fd3a .\.git\objects\12\5650c3b39826d2bcbb667a6611b3909f04e8b1 .\.git\objects\13\7cadfed1978fb89f22051dda965b0e7ff8de2f .\.git\objects\16\49b97f26285cab500f5c93c1a49c4f35b40c48 .\.git\objects\18\59d89f37be34f750ecb7d1ff5a1e503390f75f .\.git\objects\19\fd8ee07cbb1a4dcd2128d9e61d501640b8b9f5 .\.git\objects\1b\b45b063e2cc2253bef86671ea2aef7577d1cab .\.git\objects\1c\6da8c518f5b909c5505167e6d1c13de4174692 .\.git\objects\1f\5179ca4931fea95fe1a993489eed8702b804d3 .\.git\objects\1f\d4b01af8441b03e16915338083cd252440ec24 .\.git\objects\20\43c0831a976ceb803c39663ca73c6be7d988dd .\.git\objects\26\211aca5aa264d4b4e55e99e53c572f2ad498cb .\.git\objects\26\ebeffbcfe53eb052c0a8936b21f543d42322c1 .\.git\objects\27\432f715a9335ce66296e763ce1b2958f5c2fe6 .\.git\objects\29\38926dd385764434c3aeed7656f6f8a71db4f3 .\.git\objects\29\8c93a689ea21587df9b14f2655164c56dac094 .\.git\objects\29\c96f0c4091dc4fe877fb316ed713788e9410ec .\.git\objects\2a\3cddf30d33128a1e4ad870ca82c340b2beff8e .\.git\objects\2a\6ba46be9986c9782d23ecd15b5293883342c0a .\.git\objects\2a\e003a084da8b0a0299fd3b4f610c8bc06a6974 .\.git\objects\2b\d6ff69b6b8538bc32ba826fc8663757b5fe20a .\.git\objects\2c\579f7890f1354caab46c4d6b9bae41f330a46f .\.git\objects\2f\e04957544cea2fa09efc2136ca793bfee0385d .\.git\objects\34\7e227f441413ed41ad7aa23b87c809484e5710 .\.git\objects\36\cd2ac7a21ab0961d4a404e6ed2467da4f88c7f .\.git\objects\36\dc6553b474179ea3e37244f9033ec9e752a1dd .\.git\objects\37\882395e60030cc0ad639afdc0a24f5c46b5791 .\.git\objects\3a\16dd0c8443cb8636592fbed4a333343d9f98b7 .\.git\objects\40\df964f23ffb8618ed06fcb2c35b609bedff25d .\.git\objects\41\ac02c7c017a45c01fcea63f92d669ebd4e27a4 .\.git\objects\43\87a44d4d5de000ca038676699e437bbe08ba2e .\.git\objects\44\5e405cf7c7fc23884ced80974b8577bf3e9cd4 .\.git\objects\47\32a9e4978581088859a4fdd04478a470fa0bb1 .\.git\objects\47\a6dd2eb7c06b530611d7943d43f895e2e93297 .\.git\objects\49\3f3df4dc9ab5c44c2ca3814cb3200a866488e6 .\.git\objects\4d\370180c3275da82535ed9c17b2be12773c169a .\.git\objects\4d\6a2a99680dab9ae7206d410317ceb55c99dc93 .\.git\objects\4f\7b9fe6dbf648226c5c5868a63a09865ea1c839 .\.git\objects\4f\e4e15d9eb1e0cef2eaa05c806d7dc560a5a724 .\.git\objects\52\9a1f6b8e366fd9338a63dda59421ac0495d716 .\.git\objects\53\741dd23415bcf1c1b581c3cf20d8a439b6e970 .\.git\objects\58\635b796e8974b4e7930996b4d0e328358ab6c3 .\.git\objects\58\ef6650b51bf28d3a3addad9cee01efb889dca0 .\.git\objects\5c\39a59fbea134465def16c4512176c651e26826 .\.git\objects\5d\f48787b569094ae48893b0b442acbb4d79cb3a .\.git\objects\60\4c2481814535ce063e9081640bd6109b9db407 .\.git\objects\60\7137734a9fb6b4e21e8ba7470923bcf65e0291 .\.git\objects\61\fc94f6438af794b6b77e0ae92992a0336d169c .\.git\objects\65\d115a4ec420b8a78f0ac1d6ddaf19580635ef1 .\.git\objects\66\30c3cdabacd1094b32a9adbc643f0b15f4bb20 .\.git\objects\68\59e9be85a0e588e33dec58a01ca00212b34396 .\.git\objects\6c\777a17ac30779ea1fcd95ae6cd23a58c54125e .\.git\objects\6d\eb9b5d7d8f8a6c34ab8c032c9fe0bba9366260 .\.git\objects\70\40f83fa56651a45d4a7444876bbff192735532 .\.git\objects\71\334fcb85d2b75a632cd41a7afa00c425d688f0 .\.git\objects\71\f93fa8ca3614b4da28f483bb2d6462fada9139 .\.git\objects\73\860f1bf0586772b0be75eabcca9edf788d8b8c .\.git\objects\75\77f4cec80bbc17ce8689eff0994b0c19e4a887 .\.git\objects\7b\f958824c4579e61496b455e08ad1a47d1554ae .\.git\objects\7c\9f9c5f44a2738b31303390c2ba53c20a380796 .\.git\objects\80\1bc27b0dfea428c20afbcfc52b6f322c991722 .\.git\objects\87\821cc707518d39c8a0e7b4a30879f8ac097d68 .\.git\objects\8a\1294c62a1081b5eebe497ce9169341f2964c1c .\.git\objects\8b\865d474dcfc0229fdd00536ab75c2198e14c95 .\.git\objects\91\60319efbe5c82501545ddec5d858599d45e1c9 .\.git\objects\91\ff95dddc0df99dd38c70ed4c7197426f25c01b .\.git\objects\92\240875119b34a77e5671eff7385747de9cec76 .\.git\objects\92\4b386b822fd9f43d98f594c87d46e2ce93efc8 .\.git\objects\92\d26b1d4343023e7ff345791c1f3639e0765151 .\.git\objects\92\eb163d373435a9ba796ec095c325eb7a9d10a9 .\.git\objects\93\5d797a0d9d1b40dab82713c4f9cea3fdab8360 .\.git\objects\93\64ca32ea0a8ddfc48b72a501713a46ac63e75c .\.git\objects\95\0e42e19e49d181acc4acb51f483096c1cb07b6 .\.git\objects\95\6ccc59584ee9e88359b91832466c66eeb8cefd .\.git\objects\97\2de861c3940328968939d34e30a99762763d7c .\.git\objects\9c\4e99e0a2992f6d5bc555b7b0d780e224aa5976 .\.git\objects\9d\94910731402706485c7b33cf83aaa64771d6ea .\.git\objects\9f\ebb06c047dbd4f723beb68060b94673c7cc0d7 .\.git\objects\a0\bc451287bdc1116b6b98231c3c26dfc531e0e0 .\.git\objects\a1\48439319f3a98b670b28216816b53e04e65033 .\.git\objects\a1\809f094ab495c4cba7606f52a402891532504c .\.git\objects\a2\471a81d7721384a0ad19ed23918e9f52b16377 .\.git\objects\a4\43542587fc33cf5df39bb0114cb6c75bba426d .\.git\objects\a5\c0970b6254e3cf68c9b2cb066ef57d84d6b06c .\.git\objects\ad\e1341e3ce644fecbb5fb5e954315c8dc76bcec .\.git\objects\af\a347e6dac6f82c7e926d9b2ea068a8f540aad5 .\.git\objects\b0\b28b3a16203c8f485d50026cc8cd6fae2be000 .\.git\objects\b1\0c028dd2e4e54281ee48c58999bf533896554b .\.git\objects\b3\563e0a2413823d714831e77750719320ed9c51 .\.git\objects\b3\87bb7507c5f507b68f0e83b93da5a244acc7a2 .\.git\objects\b3\89e5248c70d32efeac97c85e74e5c7e4645316 .\.git\objects\b4\058989856db354cab1d40037d22e516f8e0b80 .\.git\objects\b7\8bcf0812481c1088b74588aa79be8cb1431df1 .\.git\objects\b9\f87e9e2cac90daa9dd575a77bf7d08accef3ac .\.git\objects\ba\5c1c3ed922a0e5044e2ce0cbf0816b4d7ef89d .\.git\objects\bd\acb04efbb62091f1f63a0cca0939ccc44876c6 .\.git\objects\bf\33dff69c7d4366bf6dbeada8daad62615294c3 .\.git\objects\bf\d2dd613bc712c0534d685372d82298610ac551 .\.git\objects\c1\fe749b0364be79c6f33442f17af5033a98df3c .\.git\objects\c2\531c1247c104afe178859529e50b18b808591e .\.git\objects\c4\5e87449af60eccdc2c3d068a206dc32867f784 .\.git\objects\c5\a53a2797c5495e669f17bfa7491ac33c41b472 .\.git\objects\c6\808ef9666121b93deb4fde56349738477c42a0 .\.git\objects\c8\614ef2a96888ba5e879759d2f689a61a053d62 .\.git\objects\c8\afcc0648be41af4ce49c93b5ae4f45d6818777 .\.git\objects\ca\fae4d6708fc194b9a55738254f559d4140dbcd .\.git\objects\cb\21025eb8ff648d915e53ba34362c2b5d864cfc .\.git\objects\cb\a9c72ca7a1fabccb6ac977c4f5b45d3e15ae3f .\.git\objects\cc\2a89326fd5ee5702db16f93c9a8b51f466a345 .\.git\objects\ce\68a861b5de2e40af00abfba31c71989254fd31 .\.git\objects\cf\f4aa0641c1197345f0842dc7ce3891bdae7919 .\.git\objects\d0\da6ce266fa1465a429990af5a1469ec91e88e7 .\.git\objects\d1\82ec9d6ff0ed825bee8c850fd677c6baee94a6 .\.git\objects\d4\df28ecf1dc47e13c023c9629d6b4c3a128b5ab .\.git\objects\d5\ee0005c71a97c45be58f06043177285b8bd918 .\.git\objects\da\049ed7d4bd4125f9629276c86921b112deb79a .\.git\objects\da\4eeb0a661b4c12db940e7ad867f437bfe07185 .\.git\objects\dd\33a1fba7c19af39618e54066c96e50fa26f742 .\.git\objects\df\d9a722552c49074fde0a78dafc223ac6968f3f .\.git\objects\e0\14a7f99b2a130e33a43e78f29356314e8f1a03 .\.git\objects\e0\362c037bb75d794bb432bfc8f6bef8d89d5b24 .\.git\objects\e1\a541a46868e8ed58aacb71076ca46693ddd3a2 .\.git\objects\e1\fdc3d24a153fb660bea57b1c0baebe24d2e0d4 .\.git\objects\e3\53685874423827c322e45610d0aa6cefc90783 .\.git\objects\e3\778ff63d82a80ebf145f0265fa6da8d7584f7e .\.git\objects\e3\fad9944d30872e42d8fd75cbc6ed7372779a0a .\.git\objects\e5\dcef1855539d75ba6257ec5b49cd8b027e3c28 .\.git\objects\e6\9de29bb2d1d6434b8b29ae775ad8c2e48c5391 .\.git\objects\e6\ac744a09c75f43a0c3ba0f91f11d88df49d309 .\.git\objects\e7\a11a969c037e00a796aafeff6258501ec15e9a .\.git\objects\ea\d4b0be2bbfe60c47042076d89ae389facf45c0 .\.git\objects\ef\d426c26f0bbd331ca051d872f3b1a171d0fed0 .\.git\objects\f1\2980901ab7ff56b04535d7e13604a528461b01 .\.git\objects\f2\3c7368bd5b71ac307e3596b53bca16bd89a6b3 .\.git\objects\f2\a34e9539a3c6a63e50dac9868fc24ffe44be49 .\.git\objects\f3\8913843b6f60727957ddde372de079c9ac7d14 .\.git\objects\f4\b313c03e6b89563bea4082c5bba66e5da4d0c1 .\.git\objects\f6\78ffa7f1cf0b71e99abf39cfad1fa9514be857 .\.git\objects\f7\bae263009d5e28075781bf527b651d8d28860e .\.git\objects\f7\db2722a153528d57737e9ad2db322e539e2724 .\.git\objects\fa\e46fe3ad98959698e547c5c9baf4d5de46622c .\.git\objects\fb\74100c27fed5fa811aab36d3952d52e7e9dd59 .\.git\objects\fc\aeb44855fc766d975904bd3e7723174e74beb0 .\.git\objects\fd\6c4a0b40655f0d66b53ad707b9fcc25563c67b .\.git\objects\fe\47df49594e0d55307585ea567e273ffa06a8d0 .\.git\objects\ff\ab174f19b1b79fd23bac227d08ffbc85c02eb8 .\.git\objects\pack\pack-79c4183285c4ad91fa944eb913a4014884750a0a.idx .\.git\objects\pack\pack-79c4183285c4ad91fa944eb913a4014884750a0a.pack .\.git\objects\pack\pack-79c4183285c4ad91fa944eb913a4014884750a0a.rev .\.git\ORIG_HEAD .\.git\packed-refs .\.git\refs\heads\fix-wildcard .\.git\refs\heads\main .\.git\refs\remotes\origin\HEAD .\.git\refs\remotes\origin\main .\.git\refs\remotes\upstream\HEAD .\.git\refs\remotes\upstream\main .\.git\refs\remotes\upstream\release\0.1.0 .\.git\refs\tags\v0.1.0 .\.github\workflows\build_and_test.yml .\.gitignore .\Cargo.lock .\Cargo.toml .\LICENSE .\README.md .\src\args.rs .\src\ignore\execute.rs .\src\ignore\repo.rs .\src\ignore\tree.rs .\src\ignore.rs .\src\lib.rs .\src\main.rs .\test.log
